// Jest Snapshot v1, https://goo.gl/fbAQLP

exports[`Testing 08-useReducer/TodoApp Debe hacer match con el snapshot 1`] = `
<div>
  <h1>
    TodoApp: 
    1
     todos,
    <span>
      1
       pendientes
    </span>
  </h1>
  <hr />
  <div
    class="row"
  >
    <div
      class="col-7"
    >
      <ul
        class="list-group"
      >
        <li
          class="list-group-item d-flex justify-content-between"
        >
          <span
            aria-label="span"
            class="align-self-center "
          >
            Learn react
          </span>
          <button
            class="btn btn-danger"
          >
            Borrar
          </button>
        </li>
      </ul>
    </div>
    <div
      class="col-5"
    >
      <h4>
        Agregar TODO
      </h4>
      <hr />
      <form>
        <input
          class="form-control"
          name="todoInput"
          placeholder="debo..."
          type="text"
          value=""
        />
        <button
          class="btn btn-outline-primary mt-1"
          type="submit"
        >
          Agregar
        </button>
      </form>
    </div>
  </div>
</div>
`;
